[cell 00 stream stdout]
Wx: shape = (26, 128)
Wh: shape = (128, 128)
b: shape = (128,)
Wo: shape = (128, 26)
bo: shape = (26,)

[cell 01 stream stdout]
=== Wx ((26, 128)) ===
tensor([[ 0.6782, -0.0627, -2.6215, -0.3811, -0.7385],
        [-0.3106,  0.3822,  0.6559,  0.2931, -0.1054],
        [ 0.3789,  0.0503,  0.8377, -0.3219, -0.2943]])

=== Wh ((128, 128)) ===
tensor([[ 0.4555, -0.1033, -0.0642,  0.0848, -0.0877],
        [-0.4348, -0.1821, -0.1960,  0.0465, -0.1453],
        [ 0.1129, -0.0104,  0.1331, -0.0365, -0.1849]])

=== b ((128,)) ===
tensor([-0.0108,  0.3998, -0.2450,  0.5657, -0.5569,  0.2811,  0.3614, -0.3087,
        -0.3918, -0.2581])

=== Wo ((128, 26)) ===
tensor([[ 0.0166,  0.2400,  0.1906, -0.2294,  0.4610],
        [-0.0876, -0.1345,  0.0722,  0.0794,  0.1822],
        [ 0.1762,  0.2215,  0.2489, -0.1491,  0.0950]])

=== bo ((26,)) ===
tensor([ 0.0093, -0.3369,  0.1128,  0.0473, -0.0944, -0.0387,  0.0022, -0.3120,
        -0.1976, -0.3740])


[cell 02 stream stdout]
-0.32507023215293884

[cell 03 stream stdout]
saved: /home/dh/venv/hw_proj/weights_csv/Wx.csv
saved: /home/dh/venv/hw_proj/weights_csv/Wh.csv
saved: /home/dh/venv/hw_proj/weights_csv/b.csv
saved: /home/dh/venv/hw_proj/weights_csv/Wo.csv
saved: /home/dh/venv/hw_proj/weights_csv/bo.csv

[cell 04 result]
         0         1         2         3         4         5         6    \
0   0.678152 -0.062658 -2.621511 -0.381115 -0.738464  0.071949  0.893387   
1  -0.310621  0.382196  0.655938  0.293129 -0.105373  0.950598  1.793847   
2   0.378915  0.050276  0.837675 -0.321854 -0.294340  2.999130 -0.417024   
3   0.765144  1.252112  0.794707  1.945504 -0.135883 -0.661602  1.340098   
4  -2.181488  0.014236 -0.457178 -1.033788  0.254625 -1.201591 -1.529080   
5  -1.358565 -0.967736  2.935577  0.109873  0.391719  0.198730 -0.765343   
6  -1.445822  1.055107  1.422015 -0.598748 -1.209589 -0.012762 -0.050764   
7  -0.381649  1.106560 -0.196770  0.739490 -0.735553 -0.544787  0.534238   
8  -1.536436  0.021519  0.036350 -0.500452 -0.437453  0.447879 -1.621207   
9  -0.592296 -0.165848 -0.517082  2.753328 -1.820274  0.411732  3.162702   
10  1.146323  0.280249 -0.025220  0.832065  0.857365  0.686943  1.001503   
11  0.645350  0.151326  0.188646  0.613729  0.082554  0.936893  0.919000   
12 -1.611976 -0.145440  0.016778 -0.392136 -0.476049  0.691649  0.723058   
13 -0.307111  0.370488 -0.013545  0.141100 -0.946858  1.024400 -2.046224   
14 -0.119379  0.163479 -2.425493 -0.570856  0.397073  0.078229  1.767919   
15 -0.033931 -2.049838  1.153538  1.319074  1.002773  0.444803  0.124840   
16 -0.112982 -0.182708 -0.935039 -0.459651 -2.195366  0.427645  1.113047   
17  1.094379  1.814886  1.102150 -0.790406  0.538211 -1.212463  1.147723   
18  0.192780 -0.836638  0.423904  1.497491 -0.901789 -1.046705  0.334218   
19  0.993962  0.789945  0.123190  2.919306 -0.485331 -0.294735 -0.410836   
20 -0.478798 -1.411864  0.090848  0.164718  0.091613 -0.683008  1.408082   
21  0.207004 -2.292002  0.813430  1.857689  0.706145  0.493673  0.322448   
22  0.051308  0.519048 -1.691453  2.093487  0.045879 -2.069288  1.249913   
23  1.172413 -1.116176 -0.913023 -1.390139 -0.041316  1.887259 -0.649737   
24 -0.945458  0.151673 -3.013058  1.406922 -1.066400 -0.594898  0.452211   
25 -0.630617  1.901382 -0.833295  1.554450 -2.664636  0.674589 -0.651537   

         7         8         9    ...       118       119       120       121  \
0  -0.178418 -0.371645  1.907480  ... -0.454703  1.179960 -1.025112 -0.285287   
1  -2.952613 -1.724637  0.090993  ...  1.351325 -1.874607  0.767121  0.648702   
2   1.669195  0.919232  0.175548  ...  1.015166  0.528421 -0.362289  1.572998   
3  -0.340653  1.873947  0.644681  ... -1.515931  1.479613 -0.757822 -2.084190   
4  -0.538983  2.834962  1.274653  ... -1.906919  1.121323 -1.136734  0.487507   
5  -0.774675  0.436908 -2.128808  ... -0.397616 -0.913606  2.129820 -1.810855   
6   0.535148  0.914109  0.130404  ... -0.157417  0.365423 -0.111126 -0.458070   
7   1.972723 -1.429965  0.473090  ... -0.183710  0.426015 -0.662008 -0.761997   
8   0.061018 -1.081793 -3.550472  ...  0.393611 -1.447826 -0.495828 -0.460210   
9  -0.900124 -2.623033 -2.305917  ...  0.061373 -0.283396 -0.569028  0.811487   
10  0.721084 -0.425445  1.329600  ...  0.551732  0.350929 -0.797757 -0.880569   
11 -0.457884 -0.186015 -0.691677  ...  0.143024 -0.237835  0.935984  0.298371   
12 -1.290409 -0.204405 -0.108846  ...  0.419371 -1.894863  1.021349 -1.078933   
13  0.234656  0.823830 -0.279537  ...  2.099258 -1.510551  1.206377 -1.355389   
14 -1.981586 -0.380158  0.833763  ...  0.236831  0.633715 -0.634422  0.970729   
15 -0.310491 -0.999365  1.018818  ...  0.874361 -2.533432 -1.326764 -0.065111   
16 -0.255537 -2.627672 -0.583047  ... -0.748069  1.378012  0.603871  1.003175   
17 -0.174853 -0.742197 -0.519312  ... -1.548356 -0.370015  0.766235  0.041603   
18  1.111547  0.692146 -1.578918  ...  2.173083  0.969815 -0.378675  0.989037   
19  0.068555  1.574887 -0.519417  ... -1.577137  0.370640  0.565567 -0.195200   
20  0.760070 -1.735156 -1.880255  ... -0.270322  0.659896 -2.021901 -0.385369   
21  0.789894 -0.392136  1.311478  ...  0.696629 -3.039496  0.283876  1.241204   
22  1.499230 -0.863383  0.730491  ... -0.927815 -2.691834  1.315289 -2.069559   
23  0.763702  1.269904  0.925612  ...  0.073797  0.445242 -0.047431  1.770121   
24 -0.095045 -1.330528 -0.404246  ... -0.978106 -0.086652 -0.921599 -2.536446   
25 -1.611961  0.878808  1.805322  ... -0.961246 -2.217958  0.990549 -1.290085   

         122       123       124       125       126       127  
0   1.018733  0.729446  2.385625 -0.976178 -1.720940 -0.342313  
1   0.423962 -0.095285  1.051104 -0.718699  0.334871 -0.866254  
2  -2.036341 -0.508089  0.457399  0.601007 -0.613939 -0.918684  
3   0.123502  0.050541 -0.596645 -3.762270  0.897583 -0.623921  
4  -1.596516 -0.346032  0.253817 -1.723929  0.004365  1.011151  
5  -2.490365 -1.716524 -0.267431  1.436594  0.911328 -0.467672  
6  -0.906522  0.727776 -0.705422  0.368673 -0.189230 -0.196653  
7  -1.234194 -0.335516 -1.175724  0.356976  1.822363  0.979794  
8   1.481027  1.244131  0.221418 -0.471826 -1.866368 -0.267789  
9  -0.252724  0.009793 -1.760803 -0.562069  2.096884 -1.105374  
10  0.408517  0.214276 -0.933915 -1.166774  2.083518 -0.093793  
11  0.139191 -1.735132 -0.623057 -2.296378 -0.012961 -0.516136  
12 -0.066678 -0.225931  0.603382  0.430655  1.225029  0.087444  
13 -0.516187  0.476925 -0.637119  0.198124  0.207935  2.128838  
14  0.478869 -0.646443  3.113381  0.125582 -2.788789  0.006589  
15  1.642178 -0.171385  0.111007  1.076028  0.246332  0.514159  
16  2.151002  0.484904 -1.063388 -1.382725  1.896813 -0.301304  
17 -1.518408 -1.073656 -0.446751  0.401549  1.657765  0.732791  
18  0.502069 -0.108750 -0.506738 -0.244488  1.446566 -0.912829  
19  0.793613 -1.929935  0.100962  0.735664  1.208423  0.690910  
20  1.493828 -0.210977 -1.887061  1.627517 -1.654050  5.317574  
21 -0.215935  0.508012 -2.000863  0.000038  1.308594 -0.215594  
22 -0.644421  1.442629 -0.733911  1.227636  0.351994 -0.786924  
23 -1.784840  1.990764  0.193054 -0.406401  1.773424 -0.988800  
24 -1.465176 -0.582060  0.692426 -0.959871  2.352968  0.951372  
25 -0.724123 -0.448241 -3.059506 -2.336694  0.887182 -0.325070  

[26 rows x 128 columns]
