Wx: shape = (26, 128)
Wh: shape = (128, 128)
b: shape = (128,)
Wo: shape = (128, 26)
bo: shape = (26,)
=== Wx ((26, 128)) ===
tensor([[ 0.3704,  0.6027, -0.2734, -2.8988, -0.1242],
        [-3.0746, -2.9599,  0.2163,  0.6119, -1.5027],
        [-0.3783, -0.2870,  0.0451,  0.2726, -1.4814]])

=== Wh ((128, 128)) ===
tensor([[ 0.0992, -0.0029, -0.2739,  0.2082, -0.1251],
        [-0.1936, -0.0561, -0.0523, -0.0101, -0.0983],
        [-0.0388,  0.0304, -0.3807, -0.1419,  0.0110]])

=== b ((128,)) ===
tensor([-0.6162, -0.0870,  0.0626, -0.4852,  0.4711,  0.1853,  0.1368,  0.8570,
        -0.2272, -0.3239])

=== Wo ((128, 26)) ===
tensor([[ 0.2854,  0.1763,  0.4476,  0.1938,  0.0691],
        [ 0.0070, -0.2284, -0.1191,  0.2195,  0.1449],
        [ 0.2663,  0.2847,  0.1494, -0.2606,  0.1846]])

=== bo ((26,)) ===
tensor([ 0.0987, -0.0404, -0.0728,  0.1243,  0.1964, -0.1519, -0.0141, -0.2554,
        -0.0227, -0.1782])

saved: weights_csv\Wx.csv
saved: weights_csv\Wh.csv
saved: weights_csv\b.csv
saved: weights_csv\Wo.csv
saved: weights_csv\bo.csv
