Wx: shape = (26, 128)
Wh: shape = (128, 128)
b: shape = (128,)
Wo: shape = (128, 26)
bo: shape = (26,)
=== Wx ((26, 128)) ===
tensor([[ 0.2445,  0.3386, -0.1077, -0.1178, -0.2942],
        [-0.1178, -0.3644,  0.1464, -0.0933, -0.2886],
        [-0.2674,  0.3114, -0.3352,  0.0218, -0.0959]])

=== Wh ((128, 128)) ===
tensor([[-0.0049,  0.0060, -0.0587,  0.0732,  0.1268],
        [ 0.0055, -0.0208, -0.0038,  0.0252, -0.0369],
        [ 0.0177,  0.0052, -0.0455, -0.0197,  0.0621]])

=== b ((128,)) ===
tensor([ 0.0375,  0.0053, -0.0051, -0.0027, -0.0014, -0.0319, -0.0368, -0.0216,
        -0.0144, -0.0078])

=== Wo ((128, 26)) ===
tensor([[-0.1082,  0.3315, -0.0406, -0.1419,  0.1266],
        [ 0.1695,  0.3217, -0.3800,  0.3672,  0.0958],
        [-0.4335, -0.0897,  0.2173, -0.3114,  0.0124]])

=== bo ((26,)) ===
tensor([-0.0410, -0.0018, -0.0472, -0.0150,  0.0106,  0.0230, -0.0156, -0.0006,
         0.0519, -0.0291])

saved: weights_csv/Wx.csv
saved: weights_csv/Wh.csv
saved: weights_csv/b.csv
saved: weights_csv/Wo.csv
saved: weights_csv/bo.csv
